// Jest Snapshot v1, https://goo.gl/fbAQLP

exports[`should render a character detail 1`] = `
<div>
  <figure>
    <img
      alt="Katie"
      src="http://example.com/image.jpg"
    />
    <figcaption>
      <h3>
        Katie
      </h3>
      <p>
        Unknown
      </p>
      <p>
        Status: 
        Unknown
      </p>
    </figcaption>
  </figure>
</div>
`;
